<?xml version="1.0" encoding="UTF-8"?><mappingRoot domainID="com.ibm.msl.mapping.xml" targetNamespace="http://SBL_ContactWidget/xslt/SBLToContactUpsertV2Response" version="7.0.200" xmlns="http://www.ibm.com/2008/ccl/Mapping" xmlns:map="http://SBL_ContactWidget/xslt/SBLToContactUpsertV2Response">
    <input path="smo://smo/name%3Dwsdl-primary/message%3D%257Bhttp%253A%252F%252Fwservice.cerner.com%252FV2%257DContact_spcUpsert_spcWPS_spcCERN_ContactUpsert_Output/xpath%3D%252Fbody/smo.xsd"/>
    <output path="smo://smo/name%3Dwsdl-primary/message%3D%257Bhttp%253A%252F%252FSBL_ContactWidget_Lib%252FInvoke%257DContactUpsertV2ResponseMsg/xpath%3D%252Fbody/smo.xsd"/>
    <mappingDeclaration name="SBLToContactUpsertV2Response">
        <input path="body"/>
        <output path="body"/>
        <move>
            <input path="Contact_spcUpsert_spcWPS_spcCERN_ContactUpsert_Output/ListOfContactWpsCern"/>
            <output path="ContactUpsertV2Response/Contact_spcUpsert_spcWPS_spcCERN_ContactUpsert_Output/ListOfContactWpsCern"/>
        </move>
    </mappingDeclaration>
</mappingRoot>